// Vitest Snapshot v1, https://vitest.dev/guide/snapshot.html

exports[`Count Component > matches snapshot 1`] = `
<div>
  <div
    class="card"
  >
    <h1>
      Count Component
    </h1>
    <span
      data-testid="count-value"
    >
      0
    </span>
    <button
      data-testid="increase-count-button"
    >
      count is 
      0
    </button>
  </div>
</div>
`;
